python : Traceback (most 
recent call last):
At line:1 char:1
+ python test_room.py > 
test_output.txt 2>&1
+ ~~~~~~~~~~~~~~~~~~~~~~~~~~
~~~~~~~~~~~~~~~~
    + CategoryInfo          
    : NotSpecified: (Trace  
  back (most recent call    
 last)::String) [], Remo    
teException
    + FullyQualifiedErrorId 
    : NativeCommandError
 
  File "C:\Users\ABHINAYA PO
THIREDDY\OneDrive\Desktop\sa
mpleproj1\test_room.py", 
line 29, in <module>
    print(f"\u2713 Using 
existing user: 
{user.username}")
    ~~~~~^^^^^^^^^^^^^^^^^^^
^^^^^^^^^^^^^^^^^^^^^^^^
  File "C:\Users\ABHINAYA PO
THIREDDY\AppData\Local\Progr
ams\Python\Python313\Lib\enc
odings\cp1252.py", line 19, 
in encode
    return codecs.charmap_en
code(input,self.errors,encod
ing_table)[0]
           ~~~~~~~~~~~~~~~~~
~~~~^^^^^^^^^^^^^^^^^^^^^^^^
^^^^^^^^^^
UnicodeEncodeError: 
'charmap' codec can't 
encode character '\u2713' 
in position 0: character 
maps to <undefined>
